// Jest Snapshot v1, https://goo.gl/fbAQLP

exports[`AssociateExisting renders 1`] = `
<div>
  <div
    class="associate-existing"
  >
    <div
      class="euiText euiText--extraSmall"
    >
      <p>
        View existing monitors across your system and add the monitor(s) to a dashboard and visualization.
         
        <a
          href="https://opensearch.org/docs/latest/observing-your-data/alerting/dashboards-alerting/"
          target="_blank"
        >
          Learn more 
          <div>
            EuiIconMock
          </div>
        </a>
      </p>
    </div>
    <div
      class="euiSpacer euiSpacer--l"
    />
    <h3
      class="euiTitle euiTitle--small"
    >
      Select monitor to associate
    </h3>
    <div
      class="euiSpacer euiSpacer--m"
    />
    <span
      class="euiLoadingSpinner euiLoadingSpinner--large"
    />
    <div
      class="euiSpacer euiSpacer--xl"
    />
  </div>
</div>
`;
