// Jest Snapshot v1, https://goo.gl/fbAQLP

exports[`Flyouts.triggerCondition generates message JSON 1`] = `
Object {
  "body": <div>
    <EuiText
      style={
        Object {
          "fontSize": "14px",
        }
      }
    >
      <p>
        You have access to a "ctx" variable in your painless scripts
      </p>
      <p>
        Below shows a quick JSON example of what's available under the "ctx" variable along with the actual results (where possible) for you to reference.
      </p>
    </EuiText>
    <EuiSpacer
      size="m"
    />
    <EuiCodeBlock
      language="json"
    >
      {
    "monitor": "...",
    "trigger": "...",
    "results": "...",
    "periodStart": "...",
    "periodEnd": "...",
    "alert": "...",
    "error": "..."
}
    </EuiCodeBlock>
    <EuiSpacer
      size="m"
    />
    <EuiCodeEditor
      height="700px"
      mode="json"
      readOnly={true}
      setOptions={
        Object {
          "fontSize": "12px",
        }
      }
      theme="github"
      value="{}"
      width="100%"
    />
  </div>,
  "flyoutProps": Object {
    "aria-labelledby": "triggerConditionFlyout",
    "maxWidth": 500,
    "size": "m",
  },
  "header": <EuiTitle
    size="m"
    style={
      Object {
        "fontSize": "25px",
      }
    }
  >
    <h2>
      <strong>
        Trigger condition
      </strong>
    </h2>
  </EuiTitle>,
  "headerProps": Object {
    "hasBorder": true,
  },
}
`;
