// Jest Snapshot v1, https://goo.gl/fbAQLP

exports[`DocumentationTitle renders 1`] = `
<div>
  <div
    class="euiFlexGroup euiFlexGroup--gutterLarge euiFlexGroup--directionRow euiFlexGroup--responsive"
  >
    <div
      class="euiFlexItem"
    >
      <span
        data-ui="documentation-title-text"
      >
        Documentation
      </span>
    </div>
    <div
      class="euiFlexItem euiFlexItem--flexGrowZero"
    >
      <div>
        EuiIconMock
      </div>
    </div>
  </div>
</div>
`;
