// Jest Snapshot v1, https://goo.gl/fbAQLP

exports[`AddTriggerConditionButton renders 1`] = `
<div>
  <button
    class="euiButtonEmpty euiButtonEmpty--primary euiButtonEmpty--xSmall"
    data-test-subj="addTriggerConditionButton"
    type="button"
  >
    <span
      class="euiButtonContent euiButtonEmpty__content"
    >
      <span
        class="euiButtonEmpty__text"
      >
        + Add condition
      </span>
    </span>
  </button>
</div>
`;
