// Jest Snapshot v1, https://goo.gl/fbAQLP

exports[`AddActionButton renders 1`] = `
<div>
  <button
    class="euiButton euiButton--primary euiButton--small"
    type="button"
  >
    <span
      class="euiButtonContent euiButton__content"
    >
      <span
        class="euiButton__text"
      >
        Add action
      </span>
    </span>
  </button>
</div>
`;
