// Jest Snapshot v1, https://goo.gl/fbAQLP

exports[`AssociateMonitors renders 1`] = `
<div>
  <h4
    class="euiTitle euiTitle--xsmall"
  >
    Delegate monitors
  </h4>
  <div
    class="euiText euiText--extraSmall"
  >
    <div
      class="euiTextColor euiTextColor--subdued"
    >
      Delegate two or more monitors to run as part of this workflow. The order in which you select the monitors determines their order in the workflow. The monitor types per query, per bucket, and per document are supported. 
      <a
        class="euiLink euiLink--primary"
        href="https://opensearch.org/docs/latest/observing-your-data/alerting/monitors/#monitor-types"
        rel="noopener noreferrer"
        target="_blank"
      >
        Learn more.
        <div>
          EuiIconMock
        </div>
        <span
          class="euiScreenReaderOnly"
        >
          (opens in a new tab or window)
        </span>
      </a>
    </div>
  </div>
  <div
    class="euiSpacer euiSpacer--m"
  />
  <div
    class="euiFormRow euiFormRow--fullWidth euiFormRow--compressed"
    id="associatedMonitorsEditor-form-row-row"
  >
    <div
      class="euiFormRow__labelWrapper"
    >
      <label
        class="euiFormLabel euiFormRow__label"
        for="associatedMonitorsEditor-form-row"
      >
        Define workflow
      </label>
    </div>
    <div
      class="euiFormRow__fieldWrapper"
    >
      <div
        class="euiCodeEditorWrapper"
        data-test-subj="associatedMonitorsEditor"
        style="width: 80%; height: 300px;"
      >
        <button
          class="euiCodeEditorKeyboardHint"
          data-test-subj="codeEditorHint"
          id="generated-id"
        >
          <p
            class="euiText"
          >
            Press Enter to start editing.
          </p>
          <p
            class="euiText"
          >
            When you're done, press Escape to stop editing.
          </p>
        </button>
        <div
          class=" ace_editor ace-tm"
          id="generated-id"
          style="width: 80%; height: 300px;"
        >
          <textarea
            autocapitalize="off"
            autocorrect="off"
            class="ace_text-input"
            spellcheck="false"
            style="opacity: 0;"
            tabindex="-1"
            wrap="off"
          />
          <div
            aria-hidden="true"
            class="ace_gutter"
          >
            <div
              class="ace_layer ace_gutter-layer ace_folding-enabled"
            />
            <div
              class="ace_gutter-active-line"
            />
          </div>
          <div
            class="ace_scroller"
          >
            <div
              class="ace_content"
            >
              <div
                class="ace_layer ace_print-margin-layer"
              >
                <div
                  class="ace_print-margin"
                  style="left: 4px; visibility: visible;"
                />
              </div>
              <div
                class="ace_layer ace_marker-layer"
              />
              <div
                class="ace_layer ace_text-layer"
                style="padding: 0px 4px;"
              />
              <div
                class="ace_layer ace_marker-layer"
              />
              <div
                class="ace_layer ace_cursor-layer ace_hidden-cursors"
              >
                <div
                  class="ace_cursor"
                />
              </div>
            </div>
          </div>
          <div
            class="ace_scrollbar ace_scrollbar-v"
            style="display: none; width: 20px;"
          >
            <div
              class="ace_scrollbar-inner"
              style="width: 20px;"
            />
          </div>
          <div
            class="ace_scrollbar ace_scrollbar-h"
            style="display: none; height: 20px;"
          >
            <div
              class="ace_scrollbar-inner"
              style="height: 20px;"
            />
          </div>
          <div
            style="height: auto; width: auto; top: 0px; left: 0px; visibility: hidden; position: absolute; white-space: pre; overflow: hidden;"
          >
            <div
              style="height: auto; width: auto; top: 0px; left: 0px; visibility: hidden; position: absolute; white-space: pre; overflow: visible;"
            />
            <div
              style="height: auto; width: auto; top: 0px; left: 0px; visibility: hidden; position: absolute; white-space: pre; overflow: visible;"
            >
              XXXXXXXXXXXXXXXXXXXXXXXXXXXXXXXXXXXXXXXXXXXXXXXXXXXXXXXXXXXXXXXXXXXXXXXXXXXXXXXXXXXXXXXXXXXXXXXXXXXX
            </div>
          </div>
        </div>
      </div>
    </div>
  </div>
</div>
`;
