// Jest Snapshot v1, https://goo.gl/fbAQLP

exports[`Flyout defaults if bad flyout data 1`] = `
<div
  aria-hidden="true"
  data-aria-hidden="true"
/>
`;

exports[`Flyout renders 1`] = `
<div
  aria-hidden="true"
  data-aria-hidden="true"
/>
`;

exports[`Flyout renders null if no flyout 1`] = `<div />`;
