// Jest Snapshot v1, https://goo.gl/fbAQLP

exports[`EnhancedAccordion renders 1`] = `
<div>
  <div
    class="euiPanel euiPanel--borderRadiusMedium euiPanel--plain euiPanel--hasShadow euiPanel--hasBorder euiPanel--flexGrowZero euiSplitPanel euiSplitPanel--row euiCheckableCard"
  >
    <div
      class="euiPanel euiPanel--paddingMedium euiPanel--borderRadiusNone euiPanel--subdued euiPanel--noShadow euiPanel--noBorder euiPanel--flexGrowZero euiSplitPanel__inner"
    >
      <button
        aria-label="Expand"
        class="euiButtonIcon euiButtonIcon--text euiButtonIcon--empty euiButtonIcon--small enhanced-accordion__arrow  "
        type="button"
      >
        <div>
          EuiIconMock
        </div>
      </button>
    </div>
    <div
      class="enhanced-accordion__title-panel euiPanel euiPanel--borderRadiusNone euiPanel--transparent euiPanel--noShadow euiPanel--noBorder euiSplitPanel__inner"
    >
      <div
        class="euiAccordion"
      >
        <div
          class="euiAccordion__triggerWrapper"
        >
          <button
            aria-expanded="false"
            class="euiAccordion__button"
            id="generated-id"
            type="button"
          >
            <span
              class="euiIEFlexWrapFix"
            >
              <div
                class="enhanced-accordion__title"
              >
                <h3
                  aria-expanded="false"
                  aria-pressed="false"
                  class="euiTitle euiTitle--small"
                  role="button"
                />
              </div>
            </span>
          </button>
          <div
            class="euiAccordion__optionalAction"
          >
            <div
              class="enhanced-accordion__extra"
            />
          </div>
        </div>
        <div
          aria-labelledby="generated-id"
          class="euiAccordion__childWrapper"
          role="region"
          tabindex="-1"
        >
          <div>
            <div
              class=""
            >
              <div
                class="euiPanel euiPanel--paddingMedium euiPanel--borderRadiusMedium euiPanel--plain euiPanel--noShadow euiPanel--noBorder"
              />
            </div>
          </div>
        </div>
      </div>
    </div>
  </div>
</div>
`;
