// Jest Snapshot v1, https://goo.gl/fbAQLP

exports[`AnomalyDetectors renders 1`] = `
<div>
  <div
    style="max-width: 390px;"
  >
    <div
      class="euiFormRow euiFormRow--compressed"
      id="detectorId-form-row-row"
    >
      <div
        class="euiFormRow__labelWrapper"
      >
        <label
          aria-invalid="false"
          class="euiFormLabel euiFormRow__label"
          for="detectorId-form-row"
        >
          Detector
        </label>
      </div>
      <div
        class="euiFormRow__fieldWrapper"
      >
        <div
          aria-expanded="false"
          aria-haspopup="listbox"
          class="euiComboBox euiComboBox--compressed"
          name="detectorId"
          role="combobox"
        >
          <div
            class="euiFormControlLayout euiFormControlLayout--compressed"
          >
            <div
              class="euiFormControlLayout__childrenWrapper"
            >
              <div
                class="euiComboBox__inputWrap euiComboBox__inputWrap--compressed euiComboBox__inputWrap--noWrap"
                data-test-subj="comboBoxInput"
                tabindex="-1"
              >
                <p
                  class="euiComboBoxPlaceholder"
                >
                  Select a detector
                </p>
                <div
                  class="euiComboBox__input"
                  style="font-size: 14px; display: inline-block;"
                >
                  <input
                    aria-controls=""
                    data-test-subj="comboBoxSearchInput"
                    id="detectorId"
                    role="textbox"
                    style="box-sizing: content-box; width: 2px;"
                    value=""
                  />
                  <div
                    style="position: absolute; top: 0px; left: 0px; visibility: hidden; height: 0px; overflow: scroll; white-space: pre; font-family: -webkit-small-control; letter-spacing: normal; text-transform: none;"
                  />
                </div>
              </div>
              <div
                class="euiFormControlLayoutIcons euiFormControlLayoutIcons--right"
              >
                <button
                  aria-label="Open list of options"
                  class="euiFormControlLayoutCustomIcon euiFormControlLayoutCustomIcon--clickable"
                  data-test-subj="comboBoxToggleListButton"
                  type="button"
                >
                  <div>
                    EuiIconMock
                  </div>
                </button>
              </div>
            </div>
          </div>
        </div>
      </div>
    </div>
  </div>
</div>
`;
