// Jest Snapshot v1, https://goo.gl/fbAQLP

exports[`ManageSenders renders 1`] = `<div />`;

exports[`ManageSenders renders when email is disallowed 1`] = `
<div
  aria-hidden="true"
  data-aria-hidden="true"
/>
`;

exports[`ManageSenders renders when visible 1`] = `
<div
  aria-hidden="true"
  data-aria-hidden="true"
/>
`;
